device mps
ckpt /Users/hattr/Downloads/TTLLMS.com BUILD/01-repo/daisychainrrr/models/ttllm-nano-v3/checkpoints/step_000000.pt val_loss=None
step 1 train 4.3051 val 4.3021
step 50 train 2.9099 val 2.8720
step 100 train 2.6459 val 2.6373
ckpt /Users/hattr/Downloads/TTLLMS.com BUILD/01-repo/daisychainrrr/models/ttllm-nano-v3/checkpoints/step_000100.pt val_loss=2.6315255880355837
step 150 train 2.5734 val 2.5483
step 200 train 2.5047 val 2.5103
ckpt /Users/hattr/Downloads/TTLLMS.com BUILD/01-repo/daisychainrrr/models/ttllm-nano-v3/checkpoints/step_000200.pt val_loss=2.4989269256591795
step 250 train 2.5052 val 2.4418
step 300 train 2.4409 val 2.4507
ckpt /Users/hattr/Downloads/TTLLMS.com BUILD/01-repo/daisychainrrr/models/ttllm-nano-v3/checkpoints/step_000300.pt val_loss=2.4466090202331543
step 350 train 2.4248 val 2.4181
step 400 train 2.4311 val 2.3940
ckpt /Users/hattr/Downloads/TTLLMS.com BUILD/01-repo/daisychainrrr/models/ttllm-nano-v3/checkpoints/step_000400.pt val_loss=2.4061338901519775
step 450 train 2.4111 val 2.3954
step 500 train 2.3780 val 2.3698
ckpt /Users/hattr/Downloads/TTLLMS.com BUILD/01-repo/daisychainrrr/models/ttllm-nano-v3/checkpoints/step_000500.pt val_loss=2.3734626531600953
step 550 train 2.3600 val 2.3353
step 600 train 2.2999 val 2.3004
ckpt /Users/hattr/Downloads/TTLLMS.com BUILD/01-repo/daisychainrrr/models/ttllm-nano-v3/checkpoints/step_000600.pt val_loss=2.294118309020996
done /Users/hattr/Downloads/TTLLMS.com BUILD/01-repo/daisychainrrr/models/ttllm-nano-v3/checkpoints/final.pt
